// Jest Snapshot v1, https://goo.gl/fbAQLP

exports[`GET /buscar 1`] = `"{\\"url\\":\\"https://www.youtube.com/watch?v=dQw4w9WgXcQ\\"}"`;
